// Jest Snapshot v1, https://goo.gl/fbAQLP

exports[`Testing Select component should render match snapshot 1`] = `ShallowWrapper {}`;
