// Jest Snapshot v1, https://goo.gl/fbAQLP

exports[`Testing CheckBox component should render match snapshot 1`] = `ShallowWrapper {}`;
