// Jest Snapshot v1, https://goo.gl/fbAQLP

exports[`Testing Input component > FieldLabel should render match snapshot 1`] = `ShallowWrapper {}`;
